components/App.tsx(3,23): error TS2307: Cannot find module './components/Login' or its corresponding type declarations.
components/App.tsx(4,25): error TS2307: Cannot find module './components/Sidebar' or its corresponding type declarations.
components/App.tsx(5,30): error TS2307: Cannot find module './components/CalendarView' or its corresponding type declarations.
components/App.tsx(6,28): error TS2307: Cannot find module './components/ConfigView' or its corresponding type declarations.
components/App.tsx(7,28): error TS2307: Cannot find module './components/MobileView' or its corresponding type declarations.
components/App.tsx(8,30): error TS2307: Cannot find module './components/AbsencesView' or its corresponding type declarations.
components/App.tsx(9,24): error TS2307: Cannot find module './components/ui/Loader' or its corresponding type declarations.
components/App.tsx(10,37): error TS2307: Cannot find module './types' or its corresponding type declarations.
